{
  "version": "1.5.0",
  "plugins_used": [
    {
      "name": "ArtifactoryDetector"
    },
    {
      "name": "AWSKeyDetector"
    },
    {
      "name": "AzureStorageKeyDetector"
    },
    {
      "name": "Base64HighEntropyString",
      "limit": 4.5
    },
    {
      "name": "BasicAuthDetector"
    },
    {
      "name": "CloudantDetector"
    },
    {
      "name": "DiscordBotTokenDetector"
    },
    {
      "name": "GitHubTokenDetector"
    },
    {
      "name": "GitLabTokenDetector"
    },
    {
      "name": "HexHighEntropyString",
      "limit": 3.0
    },
    {
      "name": "IbmCloudIamDetector"
    },
    {
      "name": "IbmCosHmacDetector"
    },
    {
      "name": "IPPublicDetector"
    },
    {
      "name": "JwtTokenDetector"
    },
    {
      "name": "KeywordDetector",
      "keyword_exclude": ""
    },
    {
      "name": "MailchimpDetector"
    },
    {
      "name": "NpmDetector"
    },
    {
      "name": "OpenAIDetector"
    },
    {
      "name": "PrivateKeyDetector"
    },
    {
      "name": "PypiTokenDetector"
    },
    {
      "name": "SendGridDetector"
    },
    {
      "name": "SlackDetector"
    },
    {
      "name": "SoftlayerDetector"
    },
    {
      "name": "SquareOAuthDetector"
    },
    {
      "name": "StripeDetector"
    },
    {
      "name": "TelegramBotTokenDetector"
    },
    {
      "name": "TwilioKeyDetector"
    }
  ],
  "filters_used": [
    {
      "path": "detect_secrets.filters.allowlist.is_line_allowlisted"
    },
    {
      "path": "detect_secrets.filters.common.is_ignored_due_to_verification_policies",
      "min_level": 2
    },
    {
      "path": "detect_secrets.filters.heuristic.is_indirect_reference"
    },
    {
      "path": "detect_secrets.filters.heuristic.is_likely_id_string"
    },
    {
      "path": "detect_secrets.filters.heuristic.is_lock_file"
    },
    {
      "path": "detect_secrets.filters.heuristic.is_not_alphanumeric_string"
    },
    {
      "path": "detect_secrets.filters.heuristic.is_potential_uuid"
    },
    {
      "path": "detect_secrets.filters.heuristic.is_prefixed_with_dollar_sign"
    },
    {
      "path": "detect_secrets.filters.heuristic.is_sequential_string"
    },
    {
      "path": "detect_secrets.filters.heuristic.is_swagger_file"
    },
    {
      "path": "detect_secrets.filters.heuristic.is_templated_secret"
    },
    {
      "path": "detect_secrets.filters.regex.should_exclude_file",
      "pattern": [
        "manifest\\.json"
      ]
    }
  ],
  "results": {
    "notebooks\\01_classifier_evaluation.ipynb": [
      {
        "type": "Base64 High Entropy String",
        "filename": "notebooks\\01_classifier_evaluation.ipynb",
        "hashed_secret": "33ec3d2861b9f14e11dd0d509581903cffdf9b25",
        "is_verified": false,
        "line_number": 325
      },
      {
        "type": "Base64 High Entropy String",
        "filename": "notebooks\\01_classifier_evaluation.ipynb",
        "hashed_secret": "66923fb5134ea08999e27c5537b91b35eb60535f",
        "is_verified": false,
        "line_number": 825
      },
      {
        "type": "Base64 High Entropy String",
        "filename": "notebooks\\01_classifier_evaluation.ipynb",
        "hashed_secret": "faa26e6d8d49bab92b6f89db5ab52bf5a9c6f86f",
        "is_verified": false,
        "line_number": 952
      },
      {
        "type": "Base64 High Entropy String",
        "filename": "notebooks\\01_classifier_evaluation.ipynb",
        "hashed_secret": "3e0849981e28b3a510541dc527d9f3f8a804e13e",
        "is_verified": false,
        "line_number": 1063
      }
    ],
    "scripts\\job.yaml": [
      {
        "type": "Secret Keyword",
        "filename": "scripts\\job.yaml",
        "hashed_secret": "86e6d3def42c648020ccea87c3d3d1975cc129eb",
        "is_verified": false,
        "line_number": 12
      },
      {
        "type": "Secret Keyword",
        "filename": "scripts\\job.yaml",
        "hashed_secret": "56e1d57b8db262b08bc73c60ed08d8c92e59503f",
        "is_verified": false,
        "line_number": 33
      },
      {
        "type": "Secret Keyword",
        "filename": "scripts\\job.yaml",
        "hashed_secret": "6fa430cdbf44ceecdda057723da2c706dae09b44",
        "is_verified": false,
        "line_number": 39
      }
    ]
  },
  "generated_at": "2026-07-18T22:46:51Z"
}
